
Predictions were generated on 07-Sep-2026 at 12:30:09 using AA AeroAcoustics

Number of observers      :2
Description from AA input file, line2: IEA task 37 RWT turbine -- https://github.com/IEAWindTask37/IEA-3.4-130-RWT

     Time           	Obs1                	Obs2                
      (s)           	OASPL               	OASPL               
         0.0000	  6.194492E+001	  4.446378E+001
         0.1000	  6.696871E+001	  4.855568E+001
         0.2000	  6.708962E+001	  4.945148E+001
         0.3000	  6.698987E+001	  5.055524E+001
         0.4000	  6.688053E+001	  5.192332E+001
         0.5000	  6.683828E+001	  5.341547E+001
         0.6000	  6.717214E+001	  5.668191E+001
         0.7000	  6.770726E+001	  6.070393E+001
         0.8000	  6.830549E+001	  5.447728E+001
         0.9000	  6.852935E+001	  5.191603E+001
         1.0000	  6.812721E+001	  5.144342E+001
         1.1000	  6.789016E+001	  5.142863E+001
         1.2000	  6.783638E+001	  5.160734E+001
         1.3000	  6.758117E+001	  5.153922E+001
         1.4000	  6.742507E+001	  5.176584E+001
         1.5000	  6.751433E+001	  5.233248E+001
         1.6000	  6.753514E+001	  5.250203E+001
         1.7000	  6.744795E+001	  5.249108E+001
         1.8000	  6.749540E+001	  5.270083E+001
         1.9000	  6.762848E+001	  5.287596E+001
         2.0000	  6.769870E+001	  5.289473E+001
         2.1000	  6.772295E+001	  5.294555E+001
         2.2000	  6.769168E+001	  5.305045E+001
         2.3000	  6.760555E+001	  5.323500E+001
         2.4000	  6.754899E+001	  5.386371E+001
         2.5000	  6.760318E+001	  5.536099E+001
         2.6000	  6.770396E+001	  5.809884E+001
         2.7000	  6.766569E+001	  6.045251E+001
         2.8000	  6.752282E+001	  5.356296E+001
         2.9000	  6.744966E+001	  5.123939E+001
         3.0000	  6.748096E+001	  5.100313E+001
         3.1000	  6.758535E+001	  5.138866E+001
         3.2000	  6.768485E+001	  5.190547E+001
         3.3000	  6.763129E+001	  5.202843E+001
         3.4000	  6.749383E+001	  5.209515E+001
         3.5000	  6.746290E+001	  5.234549E+001
         3.6000	  6.756753E+001	  5.267977E+001
         3.7000	  6.771839E+001	  5.292781E+001
         3.8000	  6.775572E+001	  5.294356E+001
         3.9000	  6.763771E+001	  5.274823E+001
         4.0000	  6.754064E+001	  5.261121E+001
         4.1000	  6.755654E+001	  5.271531E+001
         4.2000	  6.764970E+001	  5.306878E+001
         4.3000	  6.773968E+001	  5.360109E+001
         4.4000	  6.768852E+001	  5.421180E+001
         4.5000	  6.756679E+001	  5.532124E+001
         4.6000	  6.753023E+001	  5.763167E+001
         4.7000	  6.755038E+001	  6.048275E+001
         4.8000	  6.759518E+001	  5.347887E+001
         4.9000	  6.760779E+001	  5.138152E+001
         5.0000	  6.755486E+001	  5.103200E+001
         5.1000	  6.753605E+001	  5.144139E+001
         5.2000	  6.755843E+001	  5.197091E+001
         5.3000	  6.756041E+001	  5.206314E+001
         5.4000	  6.757104E+001	  5.216774E+001
         5.5000	  6.757590E+001	  5.237651E+001
         5.6000	  6.759795E+001	  5.265027E+001
         5.7000	  6.765192E+001	  5.289467E+001
         5.8000	  6.765623E+001	  5.290437E+001
         5.9000	  6.761899E+001	  5.275299E+001
         6.0000	  6.760886E+001	  5.268002E+001
         6.1000	  6.762036E+001	  5.279838E+001
         6.2000	  6.765720E+001	  5.310948E+001
         6.3000	  6.767313E+001	  5.350099E+001
         6.4000	  6.762708E+001	  5.414279E+001
         6.5000	  6.758328E+001	  5.541962E+001
         6.6000	  6.756960E+001	  5.805117E+001
         6.7000	  6.756689E+001	  6.088043E+001
         6.8000	  6.757813E+001	  5.325024E+001
         6.9000	  6.756738E+001	  5.130517E+001
         7.0000	  6.754736E+001	  5.106659E+001
         7.1000	  6.755660E+001	  5.144020E+001
         7.2000	  6.755813E+001	  5.186983E+001
         7.3000	  6.754764E+001	  5.200973E+001
         7.4000	  6.755451E+001	  5.221688E+001
         7.5000	  6.757610E+001	  5.246426E+001
         7.6000	  6.762281E+001	  5.270348E+001
         7.7000	  6.765633E+001	  5.284101E+001
         7.8000	  6.763175E+001	  5.281862E+001
         7.9000	  6.759551E+001	  5.273771E+001
         8.0000	  6.759715E+001	  5.273408E+001
         8.1000	  6.763969E+001	  5.286304E+001
         8.2000	  6.769127E+001	  5.311158E+001
         8.3000	  6.767490E+001	  5.344258E+001
         8.4000	  6.759357E+001	  5.415458E+001
         8.5000	  6.753654E+001	  5.577747E+001
         8.6000	  6.754423E+001	  5.848103E+001
         8.7000	  6.760570E+001	  6.158522E+001
         8.8000	  6.764349E+001	  5.293538E+001
         8.9000	  6.758272E+001	  5.123997E+001
         9.0000	  6.749054E+001	  5.096861E+001
         9.1000	  6.746936E+001	  5.129992E+001
         9.2000	  6.753547E+001	  5.183936E+001
         9.3000	  6.763494E+001	  5.216066E+001
         9.4000	  6.765761E+001	  5.238590E+001
         9.5000	  6.757960E+001	  5.247686E+001
         9.6000	  6.751825E+001	  5.256499E+001
         9.7000	  6.755022E+001	  5.271523E+001
         9.8000	  6.764940E+001	  5.287106E+001
         9.9000	  6.772548E+001	  5.293035E+001
        10.0000	  6.768797E+001	  5.283351E+001
        10.1000	  6.759639E+001	  5.274138E+001
        10.2000	  6.756397E+001	  5.287825E+001
        10.3000	  6.759924E+001	  5.341295E+001
        10.4000	  6.765593E+001	  5.447972E+001
        10.5000	  6.765924E+001	  5.629679E+001
        10.6000	  6.758964E+001	  5.870608E+001
        10.7000	  6.753745E+001	  6.046210E+001
        10.8000	  6.753657E+001	  5.246793E+001
        10.9000	  6.755386E+001	  5.116304E+001
        11.0000	  6.756954E+001	  5.100429E+001
        11.1000	  6.755612E+001	  5.134416E+001
        11.2000	  6.754425E+001	  5.183294E+001
        11.3000	  6.756765E+001	  5.218076E+001
        11.4000	  6.758345E+001	  5.242078E+001
        11.5000	  6.758265E+001	  5.252505E+001
        11.6000	  6.758653E+001	  5.261003E+001
        11.7000	  6.760257E+001	  5.272229E+001
        11.8000	  6.764087E+001	  5.284725E+001
        11.9000	  6.766596E+001	  5.288034E+001
        12.0000	  6.764432E+001	  5.279778E+001
        12.1000	  6.761829E+001	  5.278142E+001
        12.2000	  6.761104E+001	  5.298406E+001
        12.3000	  6.762030E+001	  5.353763E+001
        12.4000	  6.763361E+001	  5.453402E+001
        12.5000	  6.761651E+001	  5.630339E+001
        12.6000	  6.757907E+001	  5.890062E+001
        12.7000	  6.755857E+001	  5.797152E+001
        12.8000	  6.755194E+001	  5.228903E+001
        12.9000	  6.755035E+001	  5.115964E+001
        13.0000	  6.755001E+001	  5.106165E+001
        13.1000	  6.754540E+001	  5.142810E+001
        13.2000	  6.755680E+001	  5.187770E+001
        13.3000	  6.757472E+001	  5.214463E+001
        13.4000	  6.757411E+001	  5.236947E+001
        13.5000	  6.757065E+001	  5.252847E+001
        13.6000	  6.758310E+001	  5.265631E+001
        13.7000	  6.761647E+001	  5.276824E+001
        13.8000	  6.765596E+001	  5.283931E+001
        13.9000	  6.766038E+001	  5.282708E+001
        14.0000	  6.762521E+001	  5.277205E+001
        14.1000	  6.759958E+001	  5.280950E+001
        14.2000	  6.760667E+001	  5.304130E+001
        14.3000	  6.764358E+001	  5.359257E+001
        14.4000	  6.765773E+001	  5.459529E+001
        14.5000	  6.761147E+001	  5.646436E+001
        14.6000	  6.754470E+001	  5.911722E+001
        14.7000	  6.751904E+001	  5.701392E+001
        14.8000	  6.755028E+001	  5.219616E+001
        14.9000	  6.759892E+001	  5.122185E+001
        15.0000	  6.759696E+001	  5.116046E+001
        15.1000	  6.753671E+001	  5.144872E+001
        15.2000	  6.749479E+001	  5.178993E+001
        15.3000	  6.751902E+001	  5.207279E+001
        15.4000	  6.759652E+001	  5.242005E+001
        15.5000	  6.765415E+001	  5.265684E+001
        15.6000	  6.763461E+001	  5.272405E+001
        15.7000	  6.757911E+001	  5.270648E+001
        15.8000	  6.756970E+001	  5.272270E+001
        15.9000	  6.761926E+001	  5.279810E+001
        16.0000	  6.768168E+001	  5.288829E+001
        16.1000	  6.768898E+001	  5.296080E+001
        16.2000	  6.763013E+001	  5.307019E+001
        16.3000	  6.757959E+001	  5.348615E+001
        16.4000	  6.757691E+001	  5.450906E+001
        16.5000	  6.760059E+001	  5.665462E+001
        16.6000	  6.761419E+001	  5.966512E+001
        16.7000	  6.758419E+001	  5.654532E+001
        16.8000	  6.754291E+001	  5.199343E+001
        16.9000	  6.753404E+001	  5.114201E+001
        17.0000	  6.754389E+001	  5.119527E+001
        17.1000	  6.755325E+001	  5.150497E+001
        17.2000	  6.755568E+001	  5.181214E+001
        17.3000	  6.755607E+001	  5.207365E+001
        17.4000	  6.757737E+001	  5.241808E+001
        17.5000	  6.760383E+001	  5.266425E+001
        17.6000	  6.760880E+001	  5.274384E+001
        17.7000	  6.760518E+001	  5.273850E+001
        17.8000	  6.761211E+001	  5.274434E+001
        17.9000	  6.763305E+001	  5.279382E+001
        18.0000	  6.765698E+001	  5.285951E+001
        18.1000	  6.765150E+001	  5.291941E+001
        18.2000	  6.762402E+001	  5.309457E+001
        18.3000	  6.760389E+001	  5.358228E+001
        18.4000	  6.759722E+001	  5.466986E+001
        18.5000	  6.759925E+001	  5.696852E+001
        18.6000	  6.759185E+001	  5.978008E+001
        18.7000	  6.756755E+001	  5.577884E+001
        18.8000	  6.754984E+001	  5.184529E+001
        18.9000	  6.754636E+001	  5.108575E+001
        19.0000	  6.754482E+001	  5.117354E+001
        19.1000	  6.754485E+001	  5.154462E+001
        19.2000	  6.754768E+001	  5.186218E+001
        19.3000	  6.756182E+001	  5.212478E+001
        19.4000	  6.758758E+001	  5.242714E+001
        19.5000	  6.760200E+001	  5.263485E+001
        19.6000	  6.759921E+001	  5.272666E+001
        19.7000	  6.759916E+001	  5.275486E+001
        19.8000	  6.761469E+001	  5.277044E+001
        19.9000	  6.764605E+001	  5.280441E+001
        20.0000	  6.766385E+001	  5.284353E+001
